# Project Change Log

## 2026-07-22 18:15:00 UTC
### Changes Made
1. **Created Agent Architecture**
   - Files: `Frontend/src/agents/MasterAgent.js`, `DataFetchAgent.js`, `UIUpdateAgent.js`, `StateManagerAgent.js`, `IntegrationAgent.js`, `SummarizerAgent.js`
   - Technologies: React (hooks), JavaScript ES6, Fetch API
   - Reason: To introduce a multi‑agent pattern that separates concerns (data fetching, UI updates, state management, integration, and AI summarization) making the dashboard more maintainable and extensible.

2. **Refactored Dashboard.jsx**
   - File: `Frontend/src/components/Dashboard.jsx`
   - Changes:
     - Imported all agent modules.
     - Replaced local `useState` hooks with agent‑managed state via `setState`/`getState` callbacks.
     - Initialized each agent in a `useEffect` hook on component mount.
     - Added a Daily Brief widget that shows a skeleton while loading and displays the AI‑generated summary.
   - Technologies: React, Hooks, Context‑like agent pattern, CSS inline styling
   - Reason: To decouple UI logic from data/logic, enable reuse of agents across other pages, and prepare the dashboard for future features (e.g., LinkedIn integration, AI briefings).

3. **Added Daily Brief Feature**
   - Agent: `SummarizerAgent.js`
   - Backend endpoint call: `GET /ai/summary` (POST with payload of recent emails, calendar events, team members)
   - UI: Placed above the Bento grid, shows skeleton loader, then renders the brief.
   - Technologies: React, Fetch API, inline SVG icons, CSS gradients
   - Reason: To provide users with an AI‑powered snapshot of their day, showcasing the platform’s intelligent assistance and increasing user engagement.

4. **Updated API Wrapper**
   - File: `Frontend/src/api.js`
   - Added: `export const getBrief = () => apiFetch('/brief');`
   - Technologies: JavaScript Fetch, ES6 module exports
   - Reason: To give the SummarizerAgent a clean way to request the brief from the backend.

5. **Extended StateManagerAgent**
   - File: `Frontend/src/agents/StateManagerAgent.js`
   - Added `dailyBrief` field to initial state.
   - Technologies: React hooks, state object
   - Reason: To store the generated brief so the dashboard UI can read it.

6. **Created Skeleton Loader Component**
   - File: `Frontend/src/components/Skeleton.jsx`
   - Technologies: CSS keyframe animation, React functional component
   - Reason: To provide visual feedback while data is being fetched, improving perceived performance.

### Summary
All changes were made to support a modular, agent‑based architecture and to add an AI‑driven daily briefing feature. The work used the existing React/Vite frontend stack, FastAPI backend (via the existing `api.js` wrapper), and standard web technologies (Fetch, CSS, SVG). The implementation follows the project’s coding conventions and maintains backward compatibility.

---

## 2026-07-28 03:52:00 UTC+5:30
### Integrations Architecture Documentation
- **File created:** `INTEGRATIONS_ARCHITECTURE.md`
- **Analysis scope:** Dashboard `IntegrationsPage`, `IntegrationAgent`, `api.js`, backend `integrations.py`, login OAuth (Microsoft/GitHub), mock feature endpoints
- **Key findings:**
  - Integrations UI is mock-only (hardcoded connect state, broken OAuth toggle)
  - Backend uses in-memory `_state` with no token storage or real OAuth callback
  - Platform mismatch: 8 UI platforms vs 4 backend slugs; login OAuth ≠ workspace integration OAuth
- **Deliverable:** Full backend architecture plan — data model (Firestore), API spec, OAuth flow, sync/webhooks, security, 5-phase implementation roadmap, frontend refactor checklist, and product add-ons

---

## 2026-08-03 16:52:00 UTC+5:30
### User Dashboard Review & Implementation Plan
- **File created:** `DASHBOARD_IMPLEMENTATION_PLAN.md`
- **Scope:** Full dashboard layout review — shell, 8 home widgets, 8 workspace/account pages, AI Cockpit, floating chat, agent layer
- **Key findings:**
  - UI is prototype-complete; most widgets use hardcoded mock data despite APIs existing
  - Workspace pages partially wired to backend; home widgets mostly not
  - Agents initialized but not feeding widget UI
  - Integrations OAuth in progress; Email/Calendar/Deploy can use real data when connected
- **Deliverable:** Section-by-section status table, backend architecture target, P0–P3 add-ons, 5-phase implementation roadmap

---
*Log generated automatically by the coding assistant.*